[pythononlinecompiler.com/index.html]
[pythononlinecompiler.com/wp-content/litespeed/css/74841363c56d6d79db4e36c2a64ee9f3ee86.css]
[backblue.gif]
[fade.gif]
[index.html]
[pythononlinecompiler.com/wp-json/wp/v2/pages/129.json]
[pythononlinecompiler.com/feed/index.html]
[pythononlinecompiler.com/comments/feed/index.html]
[pythononlinecompiler.com/wp-json/index.html]
[pythononlinecompiler.com/xmlrpc0db0.php]
[pythononlinecompiler.com/wp-json/oembed/1.0/embed9a30.json]
[pythononlinecompiler.com/wp-json/oembed/1.0/embed823b]
[pythononlinecompiler.com/wp-content/uploads/2022/12/favicon.ico]
[cdnjs.cloudflare.com/ajax/libs/font-awesome/6.2.1/css/all.min.css]
[pythononlinecompiler.com/wp-content/plugins/gtranslate/js/base.js]
[pythononlinecompiler.com/wp-content/plugins/litespeed-cache/guest.vary.html]
[pythononlinecompiler.com/index.html]
[pythononlinecompiler.com/c-online-compiler-and-editor/index.html]
[pythononlinecompiler.com/c-plus-plus-compiler/index.html]
[pythononlinecompiler.com/c-sharp-online-compiler/index.html]
[pythononlinecompiler.com/java-online-compiler/index.html]
[pythononlinecompiler.com/php-online-compiler-and-editor/index.html]
[pythononlinecompiler.com/wp-content/themes/awaken/fonts/fontawesome-webfont3e6e.eot]
[pythononlinecompiler.com/javascript-online-compiler-and-editor/index.html]
[pythononlinecompiler.com/html-online-compiler/index.html]
[pythononlinecompiler.com/supported-modules/index.html]
[pythononlinecompiler.com/wp-content/themes/awaken/fonts/fontawesome-webfontd41d.eot]
[pythononlinecompiler.com/contact-us/index.html]
[pythononlinecompiler.com/wp-content/themes/awaken/fonts/fontawesome-webfont3e6e.woff2]
[pythononlinecompiler.com/wp-content/themes/awaken/fonts/fontawesome-webfont3e6e.woff]
[pythononlinecompiler.com/privacy-policy/index.html]
[pythononlinecompiler.com/wp-content/themes/awaken/fonts/fontawesome-webfont3e6e.ttf]
[pythononlinecompiler.com/wp-content/themes/awaken/fonts/fontawesome-webfont3e6e.svg]
[pythononlinecompiler.com/wp-content/themes/awaken/images/dotted-line.png]
[pythononlinecompiler.com/wp-content/litespeed/css/74841363c56d6d79db4e36c2a64ee9f3ee86.css]
[pythononlinecompiler.com/xmlrpc.php]
[cdnjs.cloudflare.com/ajax/libs/font-awesome/6.2.1/css/all.min.css]
[pythononlinecompiler.com/wp-json/wp/v2/pages/2292.json]
[pythononlinecompiler.com/wp-json/oembed/1.0/embed5528.json]
[pythononlinecompiler.com/c-online-compiler-and-editor/index.html]
[pythononlinecompiler.com/wp-json/oembed/1.0/embed7c7f]
[pythononlinecompiler.com/wp-json/wp/v2/pages/2294.json]
[pythononlinecompiler.com/wp-json/oembed/1.0/embed3f4f.json]
[pythononlinecompiler.com/c-plus-plus-compiler/index.html]
[pythononlinecompiler.com/wp-json/oembed/1.0/embed19b3]
[pythononlinecompiler.com/wp-json/wp/v2/pages/2304.json]
[pythononlinecompiler.com/wp-json/oembed/1.0/embed6b65.json]
[pythononlinecompiler.com/c-sharp-online-compiler/index.html]
[pythononlinecompiler.com/wp-json/oembed/1.0/embed6be0]
[pythononlinecompiler.com/wp-content/litespeed/css/986390e3e2f9072b04b5c7d341060e103b38.css]
[pythononlinecompiler.com/wp-content/litespeed/css/73c284110ecf3a8c9e0ccc048e075706a66d.css]
[pythononlinecompiler.com/wp-content/litespeed/css/028ef6d8235868abbd1ce89bdf127f40100d.css]
[pythononlinecompiler.com/wp-content/litespeed/css/7fb6a1a9361d0cfa70cea1352ea51eb72814.css]
[pythononlinecompiler.com/wp-includes/js/jquery/jquery.min.js]
[pythononlinecompiler.com/wp-content/litespeed/css/576921e19a71c86e30ffeabdc7c33536b418.css]
[pythononlinecompiler.com/wp-content/litespeed/js/7138717cb4214e816530299f6d95b401.js,qver=5b401.pagespeed.jm.MrF1gNLfdL.js]
[pythononlinecompiler.com/wp-content/litespeed/js/88dd1ab69d85e185675a597ee9061303.js,qver=61303.pagespeed.jm.zA5-_czhME.js]
[pythononlinecompiler.com/wp-content/litespeed/js/0d64132df63dfea2c36360c91509f1dd.js,qver=9f1dd.pagespeed.jm.lfN81KqJQ7.js]
[pythononlinecompiler.com/wp-json/wp/v2/pages/2289.json]
[pythononlinecompiler.com/wp-json/oembed/1.0/embed307f.json]
[pythononlinecompiler.com/wp-json/oembed/1.0/embed3108]
[pythononlinecompiler.com/wp-content/litespeed/css/4e3b903fe77e78018638d4d20be49e7be671.css]
[pythononlinecompiler.com/wp-content/plugins/gtranslate/flags/24/en-us.png]
[pythononlinecompiler.com/wp-content/plugins/gtranslate/flags/24/ar.png]
[pythononlinecompiler.com/wp-content/plugins/gtranslate/flags/24/zh-CN.png]
[pythononlinecompiler.com/wp-content/plugins/gtranslate/flags/24/nl.png]
[pythononlinecompiler.com/wp-content/plugins/gtranslate/flags/24/tl.png]
[pythononlinecompiler.com/wp-content/plugins/gtranslate/flags/24/fr.png]
[pythononlinecompiler.com/wp-content/plugins/gtranslate/flags/24/de.png]
[pythononlinecompiler.com/wp-content/plugins/gtranslate/flags/24/el.png]
[pythononlinecompiler.com/wp-content/plugins/gtranslate/flags/24/hi.png]
[pythononlinecompiler.com/wp-content/plugins/gtranslate/flags/24/hu.png]
[pythononlinecompiler.com/wp-content/plugins/gtranslate/flags/24/id.png]
[pythononlinecompiler.com/wp-content/plugins/gtranslate/flags/24/ga.png]
[pythononlinecompiler.com/wp-content/plugins/gtranslate/flags/24/it.png]
[pythononlinecompiler.com/wp-content/plugins/gtranslate/flags/24/ja.png]
[pythononlinecompiler.com/wp-content/plugins/gtranslate/flags/24/ko.png]
[pythononlinecompiler.com/wp-content/plugins/gtranslate/flags/24/la.png]
[pythononlinecompiler.com/wp-content/plugins/gtranslate/flags/24/ps.png]
[pythononlinecompiler.com/wp-content/plugins/gtranslate/flags/24/fa.png]
[pythononlinecompiler.com/wp-content/plugins/gtranslate/flags/24/pl.png]
[pythononlinecompiler.com/wp-content/plugins/gtranslate/flags/24/pt.png]
[pythononlinecompiler.com/wp-content/plugins/gtranslate/flags/24/ro.png]
[pythononlinecompiler.com/wp-content/plugins/gtranslate/flags/24/ru.png]
[pythononlinecompiler.com/wp-content/plugins/gtranslate/flags/24/xgd.png.pagespeed.ic.FpVnZV92xn.png]
[pythononlinecompiler.com/wp-content/plugins/gtranslate/flags/24/es.png]
[pythononlinecompiler.com/wp-content/plugins/gtranslate/flags/24/sv.png]
[pythononlinecompiler.com/wp-content/plugins/gtranslate/flags/24/tg.png]
[pythononlinecompiler.com/wp-content/plugins/gtranslate/flags/24/ta.png]
[pythononlinecompiler.com/wp-content/plugins/gtranslate/flags/24/xte.png.pagespeed.ic.rJ8yWkvhQy.png]
[pythononlinecompiler.com/wp-content/plugins/gtranslate/flags/24/xth.png.pagespeed.ic.hMceEeBMRU.png]
[pythononlinecompiler.com/wp-content/plugins/gtranslate/flags/24/tr.png]
[pythononlinecompiler.com/wp-content/plugins/gtranslate/flags/24/uk.png]
[pythononlinecompiler.com/wp-content/plugins/gtranslate/flags/24/ur.png]
[pythononlinecompiler.com/wp-content/plugins/gtranslate/flags/24/xuz.png.pagespeed.ic.6MKPfBJ4Er.png]
[pythononlinecompiler.com/wp-content/plugins/gtranslate/flags/24/vi.png]
[pythononlinecompiler.com/wp-content/plugins/gtranslate/flags/24/zu.png]
[cdnjs.cloudflare.com/ajax/libs/ace/1.2.3/ace.js]
[pythononlinecompiler.com/wp-content/litespeed/js/97caf6b39bd809e0895d81964b3752013563.js]
[pythononlinecompiler.com/wp-content/litespeed/js/d11e00a6eeda9eb41233e7b436cb1ca4.js,qver=b1ca4.pagespeed.jm.wTb8WeEg2B.js]
[pythononlinecompiler.com/wp-content/litespeed/js/078f053f3f3ce45267da845b7497bbc62632.js]
[unminifyall.com/ads/ads.js]
[pythononlinecompiler.com/java-online-compiler/index.html]
[pythononlinecompiler.com/wp-content/litespeed/js/06a261f3efc1cd42ab444879b8d2f304be37.js]
[pythononlinecompiler.com/wp-json/wp/v2/pages/2323.json]
[pythononlinecompiler.com/wp-json/oembed/1.0/embed25c6.json]
[pythononlinecompiler.com/wp-json/oembed/1.0/embed5a84]
[pythononlinecompiler.com/php-online-compiler-and-editor/index.html]
[pythononlinecompiler.com/wp-content/litespeed/js/64d1c25d58a899b2f32823d67d097ed07203.js]
[pythononlinecompiler.com/wp-json/wp/v2/pages/2333.json]
[pythononlinecompiler.com/wp-json/oembed/1.0/embed8af1.json]
[pythononlinecompiler.com/wp-json/oembed/1.0/embedce05]
[pythononlinecompiler.com/javascript-online-compiler-and-editor/index.html]
[pythononlinecompiler.com/wp-content/litespeed/js/e8ad24e330b04cdb36b652b7fac67ee59c20.js]
[pythononlinecompiler.com/wp-json/wp/v2/pages/2336.json]
[pythononlinecompiler.com/wp-json/oembed/1.0/embed0925.json]
[pythononlinecompiler.com/wp-json/oembed/1.0/embedc2d3]
[pythononlinecompiler.com/html-online-compiler/index.html]
[pythononlinecompiler.com/wp-content/litespeed/js/62e9c2c4703fe2405f2f0563a5716911a63f.js]
[pythononlinecompiler.com/wp-json/wp/v2/pages/2151.json]
[pythononlinecompiler.com/wp-json/oembed/1.0/embed32f2.json]
[pythononlinecompiler.com/supported-modules/index.html]
[pythononlinecompiler.com/wp-json/oembed/1.0/embedb01b]
[pythononlinecompiler.com/wp-content/litespeed/css/1b59cabae37b1d486517716646c8e9077c24.css]
[pythononlinecompiler.com/wp-json/wp/v2/pages/1498.json]
[pythononlinecompiler.com/wp-json/oembed/1.0/embed2235.json]
[pythononlinecompiler.com/wp-json/oembed/1.0/embed902a]
[pythononlinecompiler.com/wp-content/plugins/wpforms-lite/assets/images/submit-spin.svg]
[pythononlinecompiler.com/wp-content/litespeed/js/c90b98892b1e8d30d10dbc9583ad4dcb0598.js]
[pythononlinecompiler.com/wp-content/litespeed/js/538ed81b9c790c6c3184450408d346e123c4.js]
[pythononlinecompiler.com/wp-content/litespeed/js/adbb1fd4a7281ea9d151b485d051dcb21dea.js]
[pythononlinecompiler.com/wp-content/litespeed/js/ac0ccd31db59fbda2ea28ad87df141c23d68.js]
[pythononlinecompiler.com/contact-us/index.html]
[pythononlinecompiler.com/pycompiler27/index.html]
[pythononlinecompiler.com/pycompiler310/index.html]
[pythononlinecompiler.com/wp-content/litespeed/js/ac7638ad08e3a5bb344293571209e87fa35f.js]
[pythononlinecompiler.com/wp-json/wp/v2/pages/1474.json]
[pythononlinecompiler.com/python-online-compiler-27/index.html]
[pythononlinecompiler.com/python-online-compiler-310/index.html]
[pythononlinecompiler.com/wp-json/oembed/1.0/embedd2f8.json]
[pythononlinecompiler.com/privacy-policy/index.html]
[pythononlinecompiler.com/wp-content/plugins/litespeed-cache/guest.vary.html]
[pythononlinecompiler.com/wp-content/themes/awaken/fonts/fontawesome-webfont3e6e.svg]
[pythononlinecompiler.com/wp-content/themes/awaken/images/dotted-line.html]
[pythononlinecompiler.com/indexe15a.html]
[pythononlinecompiler.com/index052f.html]
[pythononlinecompiler.com/index44af.html]
[pythononlinecompiler.com/wp-content/litespeed/css/986390e3e2f9072b04b5c7d341060e103b38.css]
[pythononlinecompiler.com/wp-content/litespeed/css/73c284110ecf3a8c9e0ccc048e075706a66d.css]
[pythononlinecompiler.com/wp-content/litespeed/css/028ef6d8235868abbd1ce89bdf127f40100d.css]
[pythononlinecompiler.com/wp-content/litespeed/css/7fb6a1a9361d0cfa70cea1352ea51eb72814.css]
[pythononlinecompiler.com/wp-content/litespeed/css/576921e19a71c86e30ffeabdc7c33536b418.css]
[pythononlinecompiler.com/index7969.html]
[pythononlinecompiler.com/wp-content/litespeed/css/4e3b903fe77e78018638d4d20be49e7be671.css]
[pythononlinecompiler.com/wp-content/plugins/gtranslate/flags/24/xgd.png.pagespeed.ic.FpVnZV92xn.html]
[pythononlinecompiler.com/wp-content/plugins/gtranslate/flags/24/xte.png.pagespeed.ic.rJ8yWkvhQy.html]
[pythononlinecompiler.com/wp-content/plugins/gtranslate/flags/24/xth.png.pagespeed.ic.hMceEeBMRU.html]
[pythononlinecompiler.com/wp-content/plugins/gtranslate/flags/24/xuz.png.pagespeed.ic.6MKPfBJ4Er.html]
[pythononlinecompiler.com/indexb858.html]
[pythononlinecompiler.com/index6015.html]
[pythononlinecompiler.com/index55c6.html]
[pythononlinecompiler.com/indexc757.html]
[pythononlinecompiler.com/wp-json/oembed/1.0/embed2315]
[pythononlinecompiler.com/wp-content/plugins/wpforms-lite/assets/pro/images/times-solid-white.svg]
[pythononlinecompiler.com/wp-content/litespeed/css/1b59cabae37b1d486517716646c8e9077c24.css]
[pythononlinecompiler.com/index2d7f.html]
[pythononlinecompiler.com/wp-content/plugins/wpforms-lite/assets/images/submit-spin.svg]
[pythononlinecompiler.com/wp-json/wp/v2/pages/1886.json]
[pythononlinecompiler.com/wp-json/oembed/1.0/embed747c.json]
[pythononlinecompiler.com/wp-json/oembed/1.0/embedfe10]
[rawcdn.githack.com/skulpt/skulpt-dist/30ef3d92aa4d45f22286effe445e4448a2d057d9/skulpt.js]
[pythononlinecompiler.com/wp-content/litespeed/js/5b298c9800491672099b414e96e2ec934418.js]
[rawcdn.githack.com/skulpt/skulpt-dist/30ef3d92aa4d45f22286effe445e4448a2d057d9/skulpt-stdlib.js]
[pythononlinecompiler.com/python-online-compiler-27/index.html]
[pythononlinecompiler.com/wp-content/litespeed/js/099927dfaeeac70b653e88d112e0872eef0b.js]
[pythononlinecompiler.com/wp-json/wp/v2/pages/1906.json]
[pythononlinecompiler.com/wp-json/oembed/1.0/embed72da.json]
[pythononlinecompiler.com/python-online-compiler-310/index.html]
[pythononlinecompiler.com/index203c.html]
[pythononlinecompiler.com/wp-content/plugins/wpforms-lite/assets/pro/images/times-solid-white.html]
[pythononlinecompiler.com/index4913.html]
[pythononlinecompiler.com/indexc556.html]
[pythononlinecompiler.com/wp-json/oembed/1.0/embed1fb8]
